2025-11-16T21:39:22: Error: getaddrinfo ENOTFOUND -l
2025-11-16T21:39:22:     at GetAddrInfoReqWrap.onlookup [as oncomplete] (dns.js:71:26) {
2025-11-16T21:39:22:   errno: -3008,
2025-11-16T21:39:22:   code: 'ENOTFOUND',
2025-11-16T21:39:22:   syscall: 'getaddrinfo',
2025-11-16T21:39:22:   hostname: '-l'
2025-11-16T21:39:22: }
2025-11-16T21:39:22: Error: getaddrinfo ENOTFOUND -l
2025-11-16T21:39:22:     at GetAddrInfoReqWrap.onlookup [as oncomplete] (dns.js:71:26) {
2025-11-16T21:39:22:   errno: -3008,
2025-11-16T21:39:22:   code: 'ENOTFOUND',
2025-11-16T21:39:22:   syscall: 'getaddrinfo',
2025-11-16T21:39:22:   hostname: '-l'
2025-11-16T21:39:22: }
2025-11-16T21:39:22: Error: getaddrinfo ENOTFOUND -l
2025-11-16T21:39:22:     at GetAddrInfoReqWrap.onlookup [as oncomplete] (dns.js:71:26) {
2025-11-16T21:39:22:   errno: -3008,
2025-11-16T21:39:22:   code: 'ENOTFOUND',
2025-11-16T21:39:22:   syscall: 'getaddrinfo',
2025-11-16T21:39:22:   hostname: '-l'
2025-11-16T21:39:22: }
2025-11-16T21:39:23: Error: getaddrinfo ENOTFOUND -l
2025-11-16T21:39:23:     at GetAddrInfoReqWrap.onlookup [as oncomplete] (dns.js:71:26) {
2025-11-16T21:39:23:   errno: -3008,
2025-11-16T21:39:23:   code: 'ENOTFOUND',
2025-11-16T21:39:23:   syscall: 'getaddrinfo',
2025-11-16T21:39:23:   hostname: '-l'
2025-11-16T21:39:23: }
2025-11-16T21:39:23: Error: getaddrinfo ENOTFOUND -l
2025-11-16T21:39:23:     at GetAddrInfoReqWrap.onlookup [as oncomplete] (dns.js:71:26) {
2025-11-16T21:39:23:   errno: -3008,
2025-11-16T21:39:23:   code: 'ENOTFOUND',
2025-11-16T21:39:23:   syscall: 'getaddrinfo',
2025-11-16T21:39:23:   hostname: '-l'
2025-11-16T21:39:23: }
2025-11-16T21:39:23: Error: getaddrinfo ENOTFOUND -l
2025-11-16T21:39:23:     at GetAddrInfoReqWrap.onlookup [as oncomplete] (dns.js:71:26) {
2025-11-16T21:39:23:   errno: -3008,
2025-11-16T21:39:23:   code: 'ENOTFOUND',
2025-11-16T21:39:23:   syscall: 'getaddrinfo',
2025-11-16T21:39:23:   hostname: '-l'
2025-11-16T21:39:23: }
2025-11-16T21:39:23: Error: getaddrinfo ENOTFOUND -l
2025-11-16T21:39:23:     at GetAddrInfoReqWrap.onlookup [as oncomplete] (dns.js:71:26) {
2025-11-16T21:39:23:   errno: -3008,
2025-11-16T21:39:23:   code: 'ENOTFOUND',
2025-11-16T21:39:23:   syscall: 'getaddrinfo',
2025-11-16T21:39:23:   hostname: '-l'
2025-11-16T21:39:23: }
2025-11-16T21:39:23: Error: getaddrinfo ENOTFOUND -l
2025-11-16T21:39:23:     at GetAddrInfoReqWrap.onlookup [as oncomplete] (dns.js:71:26) {
2025-11-16T21:39:23:   errno: -3008,
2025-11-16T21:39:23:   code: 'ENOTFOUND',
2025-11-16T21:39:23:   syscall: 'getaddrinfo',
2025-11-16T21:39:23:   hostname: '-l'
2025-11-16T21:39:23: }
2025-11-16T21:39:23: Error: getaddrinfo ENOTFOUND -l
2025-11-16T21:39:23:     at GetAddrInfoReqWrap.onlookup [as oncomplete] (dns.js:71:26) {
2025-11-16T21:39:23:   errno: -3008,
2025-11-16T21:39:23:   code: 'ENOTFOUND',
2025-11-16T21:39:23:   syscall: 'getaddrinfo',
2025-11-16T21:39:23:   hostname: '-l'
2025-11-16T21:39:23: }
2025-11-16T21:39:24: Error: getaddrinfo ENOTFOUND -l
2025-11-16T21:39:24:     at GetAddrInfoReqWrap.onlookup [as oncomplete] (dns.js:71:26) {
2025-11-16T21:39:24:   errno: -3008,
2025-11-16T21:39:24:   code: 'ENOTFOUND',
2025-11-16T21:39:24:   syscall: 'getaddrinfo',
2025-11-16T21:39:24:   hostname: '-l'
2025-11-16T21:39:24: }
