2025-11-16T20:15:32: 
2025-11-16T20:15:32: > network-inventory-frontend@3.3.3 start /root/Core-Repository/frontend
2025-11-16T20:15:32: > react-scripts start
2025-11-16T20:15:32: 
2025-11-16T20:15:35: (node:3669) [DEP_WEBPACK_DEV_SERVER_ON_AFTER_SETUP_MIDDLEWARE] DeprecationWarning: 'onAfterSetupMiddleware' option is deprecated. Please use the 'setupMiddlewares' option.
2025-11-16T20:15:35: (Use `node --trace-deprecation ...` to show where the warning was created)
2025-11-16T20:15:35: (node:3669) [DEP_WEBPACK_DEV_SERVER_ON_BEFORE_SETUP_MIDDLEWARE] DeprecationWarning: 'onBeforeSetupMiddleware' option is deprecated. Please use the 'setupMiddlewares' option.
2025-11-16T20:15:36: Starting the development server...
2025-11-16T20:15:36: 
2025-11-16T20:18:35: 
2025-11-16T20:18:35: <--- Last few GCs --->
2025-11-16T20:18:35: 
2025-11-16T20:18:35: [3669:0x6137240]   179980 ms: Scavenge (reduce) 895.9 (926.2) -> 895.8 (927.5) MB, 3.5 / 0.0 ms  (average mu = 0.098, current mu = 0.003) allocation failure 
2025-11-16T20:18:35: [3669:0x6137240]   179987 ms: Scavenge (reduce) 897.0 (920.7) -> 896.9 (924.0) MB, 3.3 / 0.0 ms  (average mu = 0.098, current mu = 0.003) allocation failure 
2025-11-16T20:18:35: [3669:0x6137240]   181185 ms: Mark-sweep (reduce) 897.9 (928.5) -> 897.6 (930.2) MB, 1196.2 / 0.0 ms  (average mu = 0.096, current mu = 0.094) allocation failure scavenge might not succeed
2025-11-16T20:18:35: 
2025-11-16T20:18:35: 
2025-11-16T20:18:35: <--- JS stacktrace --->
2025-11-16T20:18:35: 
2025-11-16T20:18:35: FATAL ERROR: Ineffective mark-compacts near heap limit Allocation failed - JavaScript heap out of memory
2025-11-16T20:18:35:  1: 0xa3ad50 node::Abort() [/usr/local/bin/node]
2025-11-16T20:18:35:  2: 0x970199 node::FatalError(char const*, char const*) [/usr/local/bin/node]
2025-11-16T20:18:35:  3: 0xbba90e v8::Utils::ReportOOMFailure(v8::internal::Isolate*, char const*, bool) [/usr/local/bin/node]
2025-11-16T20:18:35:  4: 0xbbac87 v8::internal::V8::FatalProcessOutOfMemory(v8::internal::Isolate*, char const*, bool) [/usr/local/bin/node]
2025-11-16T20:18:35:  5: 0xd76ea5  [/usr/local/bin/node]
2025-11-16T20:18:35:  6: 0xd77a2f  [/usr/local/bin/node]
2025-11-16T20:18:35:  7: 0xd8586b v8::internal::Heap::CollectGarbage(v8::internal::AllocationSpace, v8::internal::GarbageCollectionReason, v8::GCCallbackFlags) [/usr/local/bin/node]
2025-11-16T20:18:35:  8: 0xd8942c v8::internal::Heap::AllocateRawWithRetryOrFailSlowPath(int, v8::internal::AllocationType, v8::internal::AllocationOrigin, v8::internal::AllocationAlignment) [/usr/local/bin/node]
2025-11-16T20:18:35:  9: 0xd4ebfd v8::internal::Factory::AllocateRaw(int, v8::internal::AllocationType, v8::internal::AllocationAlignment) [/usr/local/bin/node]
2025-11-16T20:18:35: 10: 0xd48a84 v8::internal::FactoryBase<v8::internal::Factory>::AllocateRawWithImmortalMap(int, v8::internal::AllocationType, v8::internal::Map, v8::internal::AllocationAlignment) [/usr/local/bin/node]
2025-11-16T20:18:35: 11: 0xd4add1 v8::internal::FactoryBase<v8::internal::Factory>::NewRawTwoByteString(int, v8::internal::AllocationType) [/usr/local/bin/node]
2025-11-16T20:18:35: 12: 0x11373fc v8::internal::IncrementalStringBuilder::Extend() [/usr/local/bin/node]
2025-11-16T20:18:35: 13: 0xe75530 v8::internal::JsonStringifier::SerializeString(v8::internal::Handle<v8::internal::String>) [/usr/local/bin/node]
2025-11-16T20:18:35: 14: 0xe7aa7a v8::internal::JsonStringifier::Result v8::internal::JsonStringifier::Serialize_<false>(v8::internal::Handle<v8::internal::Object>, bool, v8::internal::Handle<v8::internal::Object>) [/usr/local/bin/node]
2025-11-16T20:18:35: 15: 0xe78f00 v8::internal::JsonStringifier::Result v8::internal::JsonStringifier::Serialize_<true>(v8::internal::Handle<v8::internal::Object>, bool, v8::internal::Handle<v8::internal::Object>) [/usr/local/bin/node]
2025-11-16T20:18:35: 16: 0xe7b29b v8::internal::JsonStringifier::Result v8::internal::JsonStringifier::Serialize_<false>(v8::internal::Handle<v8::internal::Object>, bool, v8::internal::Handle<v8::internal::Object>) [/usr/local/bin/node]
2025-11-16T20:18:35: 17: 0xe7cc5f v8::internal::JsonStringify(v8::internal::Isolate*, v8::internal::Handle<v8::internal::Object>, v8::internal::Handle<v8::internal::Object>, v8::internal::Handle<v8::internal::Object>) [/usr/local/bin/node]
2025-11-16T20:18:35: 18: 0xc66e1f v8::internal::Builtin_JsonStringify(int, unsigned long*, v8::internal::Isolate*) [/usr/local/bin/node]
2025-11-16T20:18:35: 19: 0x1449459  [/usr/local/bin/node]
2025-11-16T20:18:37: npm ERR! code ELIFECYCLE
2025-11-16T20:18:37: npm ERR! errno 1
2025-11-16T20:18:37: npm 
2025-11-16T20:18:37: ERR! network-inventory-frontend@3.3.3 start: `react-scripts start`
2025-11-16T20:18:37: npm ERR! Exit status 1
2025-11-16T20:18:37: npm ERR! 
2025-11-16T20:18:37: npm ERR! Failed at the network-inventory-frontend@3.3.3 start script.
2025-11-16T20:18:37: npm ERR! This is probably not a problem with npm. There is likely additional logging output above.
2025-11-16T20:18:39: 
2025-11-16T20:18:39: > network-inventory-frontend@3.3.3 start /root/Core-Repository/frontend
2025-11-16T20:18:39: > react-scripts start
2025-11-16T20:18:39: 
2025-11-16T20:18:43: (node:3813) [DEP_WEBPACK_DEV_SERVER_ON_AFTER_SETUP_MIDDLEWARE] DeprecationWarning: 'onAfterSetupMiddleware' option is deprecated. Please use the 'setupMiddlewares' option.
2025-11-16T20:18:43: (Use `node --trace-deprecation ...` to show where the warning was created)
2025-11-16T20:18:43: (node:3813) [DEP_WEBPACK_DEV_SERVER_ON_BEFORE_SETUP_MIDDLEWARE] DeprecationWarning: 'onBeforeSetupMiddleware' option is deprecated. Please use the 'setupMiddlewares' option.
2025-11-16T20:18:44: Starting the development server...
2025-11-16T20:18:44: 
2025-11-16T20:19:54: 
2025-11-16T20:19:54: <--- Last few GCs --->
2025-11-16T20:19:54: 
2025-11-16T20:19:54: [3813:0x5e7b240]    72559 ms: Mark-sweep (reduce) 900.4 (925.0) -> 900.3 (926.0) MB, 1205.3 / 0.0 ms  (average mu = 0.084, current mu = 0.003) allocation failure scavenge might not succeed
2025-11-16T20:19:54: [3813:0x5e7b240]    73756 ms: Mark-sweep (reduce) 901.3 (923.0) -> 901.1 (925.0) MB, 1194.3 / 0.0 ms  (average mu = 0.045, current mu = 0.002) allocation failure scavenge might not succeed
2025-11-16T20:19:54: 
2025-11-16T20:19:54: 
2025-11-16T20:19:54: <--- JS stacktrace --->
2025-11-16T20:19:54: 
2025-11-16T20:19:54: FATAL ERROR: MarkCompactCollector: young object promotion failed Allocation failed - JavaScript heap out of memory
2025-11-16T20:19:55:  1: 0xa3ad50 node::Abort() [/usr/local/bin/node]
2025-11-16T20:19:55:  2: 0x970199 node::FatalError(char const*, char const*) [/usr/local/bin/node]
2025-11-16T20:19:55:  3: 0xbba90e v8::Utils::ReportOOMFailure(v8::internal::Isolate*, char const*, bool) [/usr/local/bin/node]
2025-11-16T20:19:55:  4: 0xbbac87 v8::internal::V8::FatalProcessOutOfMemory(v8::internal::Isolate*, char const*, bool) [/usr/local/bin/node]
2025-11-16T20:19:55:  5: 0xd76ea5  [/usr/local/bin/node]
2025-11-16T20:19:55:  6: 0xda783e v8::internal::EvacuateNewSpaceVisitor::Visit(v8::internal::HeapObject, int) [/usr/local/bin/node]
2025-11-16T20:19:55:  7: 0xdb3876 v8::internal::FullEvacuator::RawEvacuatePage(v8::internal::MemoryChunk*, long*) [/usr/local/bin/node]
2025-11-16T20:19:55:  8: 0xd9fa0f v8::internal::Evacuator::EvacuatePage(v8::internal::MemoryChunk*) [/usr/local/bin/node]
2025-11-16T20:19:55:  9: 0xd9fc88 v8::internal::PageEvacuationTask::RunInParallel(v8::internal::ItemParallelJob::Task::Runner) [/usr/local/bin/node]
2025-11-16T20:19:55: 10: 0xd92569 v8::internal::ItemParallelJob::Run() [/usr/local/bin/node]
2025-11-16T20:19:55: 11: 0xdb57d0 void v8::internal::MarkCompactCollectorBase::CreateAndExecuteEvacuationTasks<v8::internal::FullEvacuator, v8::internal::MarkCompactCollector>(v8::internal::MarkCompactCollector*, v8::internal::ItemParallelJob*, v8::internal::MigrationObserver*, long) [/usr/local/bin/node]
2025-11-16T20:19:55: 12: 0xdb606c v8::internal::MarkCompactCollector::EvacuatePagesInParallel() [/usr/local/bin/node]
2025-11-16T20:19:55: 13: 0xdb6235 v8::internal::MarkCompactCollector::Evacuate() [/usr/local/bin/node]
2025-11-16T20:19:55: 14: 0xdc8231 v8::internal::MarkCompactCollector::CollectGarbage() [/usr/local/bin/node]
2025-11-16T20:19:55: 15: 0xd844f8 v8::internal::Heap::MarkCompact() [/usr/local/bin/node]
2025-11-16T20:19:55: 16: 0xd85fe8 v8::internal::Heap::CollectGarbage(v8::internal::AllocationSpace, v8::internal::GarbageCollectionReason, v8::GCCallbackFlags) [/usr/local/bin/node]
2025-11-16T20:19:55: 17: 0xd8942c v8::internal::Heap::AllocateRawWithRetryOrFailSlowPath(int, v8::internal::AllocationType, v8::internal::AllocationOrigin, v8::internal::AllocationAlignment) [/usr/local/bin/node]
2025-11-16T20:19:55: 18: 0xd4ebfd v8::internal::Factory::AllocateRaw(int, v8::internal::AllocationType, v8::internal::AllocationAlignment) [/usr/local/bin/node]
2025-11-16T20:19:55: 19: 0xd48a84 v8::internal::FactoryBase<v8::internal::Factory>::AllocateRawWithImmortalMap(int, v8::internal::AllocationType, v8::internal::Map, v8::internal::AllocationAlignment) [/usr/local/bin/node]
2025-11-16T20:19:55: 20: 0xd4add1 v8::internal::FactoryBase<v8::internal::Factory>::NewRawTwoByteString(int, v8::internal::AllocationType) [/usr/local/bin/node]
2025-11-16T20:19:55: 21: 0x11373fc v8::internal::IncrementalStringBuilder::Extend() [/usr/local/bin/node]
2025-11-16T20:19:55: 22: 0xe74f30 v8::internal::JsonStringifier::SerializeString(v8::internal::Handle<v8::internal::String>) [/usr/local/bin/node]
2025-11-16T20:19:55: 23: 0xe7aa7a v8::internal::JsonStringifier::Result v8::internal::JsonStringifier::Serialize_<false>(v8::internal::Handle<v8::internal::Object>, bool, v8::internal::Handle<v8::internal::Object>) [/usr/local/bin/node]
2025-11-16T20:19:55: 24: 0xe78f00 v8::internal::JsonStringifier::Result v8::internal::JsonStringifier::Serialize_<true>(v8::internal::Handle<v8::internal::Object>, bool, v8::internal::Handle<v8::internal::Object>) [/usr/local/bin/node]
2025-11-16T20:19:55: 25: 0xe7b29b v8::internal::JsonStringifier::Result v8::internal::JsonStringifier::Serialize_<false>(v8::internal::Handle<v8::internal::Object>, bool, v8::internal::Handle<v8::internal::Object>) [/usr/local/bin/node]
2025-11-16T20:19:55: 26: 0xe7cc5f v8::internal::JsonStringify(v8::internal::Isolate*, v8::internal::Handle<v8::internal::Object>, v8::internal::Handle<v8::internal::Object>, v8::internal::Handle<v8::internal::Object>) [/usr/local/bin/node]
2025-11-16T20:19:55: 27: 0xc66e1f v8::internal::Builtin_JsonStringify(int, unsigned long*, v8::internal::Isolate*) [/usr/local/bin/node]
2025-11-16T20:19:55: 28: 0x1449459  [/usr/local/bin/node]
2025-11-16T20:19:55: npm ERR! code ELIFECYCLE
2025-11-16T20:19:55: npm ERR! errno 1
2025-11-16T20:19:55: npm ERR! network-inventory-frontend@3.3.3 start: `react-scripts start`
2025-11-16T20:19:55: npm ERR! Exit status 1
2025-11-16T20:19:55: npm ERR! 
2025-11-16T20:19:55: npm ERR! Failed at the network-inventory-frontend@3.3.3 start script.
2025-11-16T20:19:55: npm ERR! This is probably not a problem with npm. There is likely additional logging output above.
2025-11-16T20:19:57: 
2025-11-16T20:19:57: > network-inventory-frontend@3.3.3 start /root/Core-Repository/frontend
2025-11-16T20:19:57: > react-scripts start
2025-11-16T20:19:57: 
2025-11-16T20:20:00: (node:3888) [DEP_WEBPACK_DEV_SERVER_ON_AFTER_SETUP_MIDDLEWARE] DeprecationWarning: 'onAfterSetupMiddleware' option is deprecated. Please use the 'setupMiddlewares' option.
2025-11-16T20:20:00: (Use `node --trace-deprecation ...` to show where the warning was created)
2025-11-16T20:20:00: (node:3888) [DEP_WEBPACK_DEV_SERVER_ON_BEFORE_SETUP_MIDDLEWARE] DeprecationWarning: 'onBeforeSetupMiddleware' option is deprecated. Please use the 'setupMiddlewares' option.
2025-11-16T20:20:01: Starting the development server...
2025-11-16T20:20:01: 
2025-11-16T20:21:07: 
2025-11-16T20:21:07: <--- Last few GCs --->
2025-11-16T20:21:07: 
2025-11-16T20:21:07: [3888:0x4826240]    66321 ms: Scavenge (reduce) 899.1 (926.2) -> 899.0 (927.5) MB, 4.3 / 0.0 ms  (average mu = 0.356, current mu = 0.133) allocation failure 
2025-11-16T20:21:07: [3888:0x4826240]    66341 ms: Scavenge (reduce) 900.2 (920.7) -> 900.1 (924.0) MB, 5.5 / 0.0 ms  (aver2025-11-16T20:32:28: 
2025-11-16T20:32:28: > network-inventory-frontend@3.3.3 start /root/Core-Repository/frontend
2025-11-16T20:32:28: > react-scripts start
2025-11-16T20:32:28: 
2025-11-16T20:32:32: (node:4235) [DEP_WEBPACK_DEV_SERVER_ON_AFTER_SETUP_MIDDLEWARE] DeprecationWarning: 'onAfterSetupMiddleware' option is deprecated. Please use the 'setupMiddlewares' option.
2025-11-16T20:32:32: (Use `node --trace-deprecation ...` to show where the warning was created)
2025-11-16T20:32:32: (node:4235) [DEP_WEBPACK_DEV_SERVER_ON_BEFORE_SETUP_MIDDLEWARE] DeprecationWarning: 'onBeforeSetupMiddleware' option is deprecated. Please use the 'setupMiddlewares' option.
2025-11-16T20:32:33: Starting the development server...
2025-11-16T20:32:33: 
2025-11-16T20:33:46: 
2025-11-16T20:33:46: <--- Last few GCs --->
2025-11-16T20:33:46: 
2025-11-16T20:33:46: [4235:0x645f240]    75101 ms: Scavenge (reduce) 896.6 (925.1) -> 896.6 (926.1) MB, 3.5 / 0.0 ms  (average mu = 0.355, current mu = 0.078) allocation failure 
2025-11-16T20:33:46: [4235:0x645f240]    75108 ms: Scavenge (reduce) 897.7 (920.3) -> 897.6 (923.6) MB, 3.8 / 0.0 ms  (average mu = 0.355, current mu = 0.078) allocation failure 
2025-11-16T20:33:46: [4235:0x645f240]    76334 ms: Mark-sweep (reduce) 898.6 (928.1) -> 898.2 (930.1) MB, 1222.7 / 0.0 ms  (average mu = 0.214, current mu = 0.023) allocation failure scavenge might not succeed
2025-11-16T20:33:46: 
2025-11-16T20:33:46: 
2025-11-16T20:33:46: <--- JS stacktrace --->
2025-11-16T20:33:46: 
2025-11-16T20:33:46: FATAL ERROR: MarkCompactCollector: young object promotion failed Allocation failed - JavaScript heap out of memory
2025-11-16T20:33:46:  1: 0xa3ad50 node::Abort() [/usr/local/bin/node]
2025-11-16T20:33:46:  2: 0x970199 node::FatalError(char const*, char const*) [/usr/local/bin/node]
2025-11-16T20:33:46:  3: 0xbba90e v8::Utils::ReportOOMFailure(v8::internal::Isolate*, char const*, bool) [/usr/local/bin/node]
2025-11-16T20:33:46:  4: 0xbbac87 v8::internal::V8::FatalProcessOutOfMemory(v8::internal::Isolate*, char const*, bool) [/usr/local/bin/node]
2025-11-16T20:33:46:  5: 0xd76ea5  [/usr/local/bin/node]
2025-11-16T20:33:46:  6: 0xda783e v8::internal::EvacuateNewSpaceVisitor::Visit(v8::internal::HeapObject, int) [/usr/local/bin/node]
2025-11-16T20:33:46:  7: 0xdb3876 v8::internal::FullEvacuator::RawEvacuatePage(v8::internal::MemoryChunk*, long*) [/usr/local/bin/node]
2025-11-16T20:33:46:  8: 0xd9fa0f v8::internal::Evacuator::EvacuatePage(v8::internal::MemoryChunk*) [/usr/local/bin/node]
2025-11-16T20:33:46:  9: 0xd9fc88 v8::internal::PageEvacuationTask::RunInParallel(v8::internal::ItemParallelJob::Task::Runner) [/usr/local/bin/node]
2025-11-16T20:33:46: 10: 0xd92569 v8::internal::ItemParallelJob::Run() [/usr/local/bin/node]
2025-11-16T20:33:46: 11: 0xdb57d0 void v8::internal::MarkCompactCollectorBase::CreateAndExecuteEvacuationTasks<v8::internal::FullEvacuator, v8::internal::MarkCompactCollector>(v8::internal::MarkCompactCollector*, v8::internal::ItemParallelJob*, v8::internal::MigrationObserver*, long) [/usr/local/bin/node]
2025-11-16T20:33:46: 12: 0xdb606c v8::internal::MarkCompactCollector::EvacuatePagesInParallel() [/usr/local/bin/node]
2025-11-16T20:33:46: 13: 0xdb6235 v8::internal::MarkCompactCollector::Evacuate() [/usr/local/bin/node]
2025-11-16T20:33:46: 14: 0xdc8231 v8::internal::MarkCompactCollector::CollectGarbage() [/usr/local/bin/node]
2025-11-16T20:33:46: 15: 0xd844f8 v8::internal::Heap::MarkCompact() [/usr/local/bin/node]
2025-11-16T20:33:46: 16: 0xd85fe8 v8::internal::Heap::CollectGarbage(v8::internal::AllocationSpace, v8::internal::GarbageCollectionReason, v8::GCCallbackFlags) [/usr/local/bin/node]
2025-11-16T20:33:46: 17: 0xd8942c v8::internal::Heap::AllocateRawWithRetryOrFailSlowPath(int, v8::internal::AllocationType, v8::internal::AllocationOrigin, v8::internal::AllocationAlignment) [/usr/local/bin/node]
2025-11-16T20:33:46: 18: 0xd4ebfd v8::internal::Factory::AllocateRaw(int, v8::internal::AllocationType, v8::internal::AllocationAlignment) [/usr/local/bin/node]
2025-11-16T20:33:46: 19: 0xd48a84 v8::internal::FactoryBase<v8::internal::Factory>::AllocateRawWithImmortalMap(int, v8::internal::AllocationType, v8::internal::Map, v8::internal::AllocationAlignment) [/usr/local/bin/node]
2025-11-16T20:33:46: 20: 0xd4add1 v8::internal::FactoryBase<v8::internal::Factory>::NewRawTwoByteString(int, v8::internal::AllocationType) [/usr/local/bin/node]
2025-11-16T20:33:46: 21: 0x11373fc v8::internal::IncrementalStringBuilder::Extend() [/usr/local/bin/node]
2025-11-16T20:33:46: 22: 0xe756ad v8::internal::JsonStringifier::SerializeString(v8::internal::Handle<v8::internal::String>) [/usr/local/bin/node]
2025-11-16T20:33:46: 23: 0xe7aa7a v8::internal::JsonStringifier::Result v8::internal::JsonStringifier::Serialize_<false>(v8::internal::Handle<v8::internal::Object>, bool, v8::internal::Handle<v8::internal::Object>) [/usr/local/bin/node]
2025-11-16T20:33:46: 24: 0xe78f00 v8::internal::JsonStringifier::Result v8::internal::JsonStringifier::Serialize_<true>(v8::internal::Handle<v8::internal::Object>, bool, v8::internal::Handle<v8::internal::Object>) [/usr/local/bin/node]
2025-11-16T20:33:46: 25: 0xe7b29b v8::internal::JsonStringifier::Result v8::internal::JsonStringifier::Serialize_<false>(v8::internal::Handle<v8::internal::Object>, bool, v8::internal::Handle<v8::internal::Object>) [/usr/local/bin/node]
2025-11-16T20:33:46: 26: 0xe7cc5f v8::internal::JsonStringify(v8::internal::Isolate*, v8::internal::Handle<v8::internal::Object>, v8::internal::Handle<v8::internal::Object>, v8::internal::Handle<v8::internal::Object>) [/usr/local/bin/node]
2025-11-16T20:33:46: 27: 0xc66e1f v8::internal::Builtin_JsonStringify(int, unsigned long*, v8::internal::Isolate*) [/usr/local/bin/node]
2025-11-16T20:33:46: 28: 0x1449459  [/usr/local/bin/node]
2025-11-16T20:33:49: npm ERR! code ELIFECYCLE
2025-11-16T20:33:49: npm
2025-11-16T20:33:49:  ERR! 
2025-11-16T20:33:49: errno 1
2025-11-16T20:33:49: npm ERR! network-inventory-frontend@3.3.3 start: `react-scripts start`
2025-11-16T20:33:49: npm ERR! Exit status 1
2025-11-16T20:33:49: npm ERR! 
2025-11-16T20:33:49: npm ERR! Failed at the network-inventory-frontend@3.3.3 start script.
2025-11-16T20:33:49: npm ERR! This is probably not a problem with npm. There is likely additional logging output above.
2025-11-16T20:33:52: 
2025-11-16T20:33:52: npm ERR! A complete log of this run can be found in:
2025-11-16T20:33:52: npm ERR!     /root/.npm/_logs/2025-11-16T20_33_49_783Z-debug.log
2025-11-16T20:33:53: 
2025-11-16T20:33:53: > network-inventory-frontend@3.3.3 start /root/Core-Repository/frontend
2025-11-16T20:33:53: > react-scripts start
2025-11-16T20:33:53: 
2025-11-16T20:33:57: (node:4414) [DEP_WEBPACK_DEV_SERVER_ON_AFTER_SETUP_MIDDLEWARE] DeprecationWarning: 'onAfterSetupMiddleware' option is deprecated. Please use the 'setupMiddlewares' option.
2025-11-16T20:33:57: (Use `node --trace-deprecation ...` to show where the warning was created)
2025-11-16T20:33:57: (node:4414) [DEP_WEBPACK_DEV_SERVER_ON_BEFORE_SETUP_MIDDLEWARE] DeprecationWarning: 'onBeforeSetupMiddleware' option is deprecated. Please use the 'setupMiddlewares' option.
2025-11-16T20:33:58: Starting the development server...
2025-11-16T20:33:58: 
2025-11-16T20:35:02: 
2025-11-16T20:35:02: <--- Last few GCs --->
2025-11-16T20:35:02: 
2025-11-16T20:35:02: [4414:0x4d2e240]    65589 ms: Scavenge (reduce) 898.6 (925.5) -> 898.5 (926.7) MB, 4.0 / 0.0 ms  (average mu = 0.323, current mu = 0.091) allocation failure 
2025-11-16T20:35:02: [4414:0x4d2e240]    65597 ms: Scavenge (reduce) 899.7 (920.0) -> 899.5 (923.2) MB, 3.7 / 0.0 ms  (average mu = 0.323, current mu = 0.091) allocation failure 
2025-11-16T20:35:02: [4414:0x4d2e240]    66767 ms: Mark-sweep (reduce) 900.5 (927.7) -> 900.1 (930.0) MB, 1167.1 / 0.0 ms  (average mu = 0.205, current mu = 0.054) allocation failure scavenge might not succeed
2025-11-16T20:35:02: 
2025-11-16T20:35:02: 
2025-11-16T20:35:02: <--- JS stacktrace --->
2025-11-16T20:35:02: 
2025-11-16T20:35:02: FATAL ERROR: MarkCompactCollector: young object promotion failed Allocation failed - JavaScript heap out of memory
2025-11-16T20:35:02:  1: 0xa3ad50 node::Abort() [/usr/local/bin/node]
2025-11-16T20:35:02:  2: 0x970199 node::FatalError(char const*, char const*) [/usr/local/bin/node]
2025-11-16T20:35:02:  3: 0xbba90e v8::Utils::ReportOOMFailure(v8::internal::Isolate*, char const*, bool) [/usr/local/bin/node]
2025-11-16T20:35:02:  4: 0xbbac87 v8::internal::V8::FatalProcessOutOfMemory(v8::internal::Isolate*, char const*, bool) [/usr/local/bin/node]
2025-11-16T20:35:02:  5: 0xd76ea5  [/usr/local/bin/node]
2025-11-16T20:35:02:  6: 0xda783e v8::internal::EvacuateNewSpaceVisitor::Visit(v8::internal::HeapObject, int) [/usr/local/bin/node]
2025-11-16T20:35:02:  7: 0xdb3876 v8::internal::FullEvacuator::RawEvacuatePage(v8::internal::MemoryChunk*, long*) [/usr/local/bin/node]
2025-11-16T20:35:02:  8: 0xd9fa0f v8::internal::Evacuator::EvacuatePage(v8::internal::MemoryChunk*) [/usr/local/bin/node]
2025-11-16T20:35:02:  9: 0xd9fc88 v8::internal::PageEvacuationTask::RunInParallel(v8::internal::ItemParallelJob::Task::Runner) [/usr/local/bin/node]
2025-11-16T20:35:02: 10: 0xd92569 v8::internal::ItemParallelJob::Run() [/usr/local/bin/node]
2025-11-16T20:35:02: 11: 0xdb57d0 void v8::internal::MarkCompactCollectorBase::CreateAndExecuteEvacuationTasks<v8::internal::FullEvacuator, v8::internal::MarkCompactCollector>(v8::internal::MarkCompactCollector*, v8::internal::ItemParallelJob*, v8::internal::MigrationObserver*, long) [/usr/local/bin/node]
2025-11-16T20:35:02: 12: 0xdb606c v8::internal::MarkCompactCollector::EvacuatePagesInParallel() [/usr/local/bin/node]
2025-11-16T20:35:02: 13: 0xdb6235 v8::internal::MarkCompactCollector::Evacuate() [/usr/local/bin/node]
2025-11-16T20:35:02: 14: 0xdc8231 v8::internal::MarkCompactCollector::CollectGarbage() [/usr/local/bin/node]
2025-11-16T20:35:02: 15: 0xd844f8 v8::internal::Heap::MarkCompact() [/usr/local/bin/node]
2025-11-16T20:35:02: 16: 0xd85fe8 v8::internal::Heap::CollectGarbage(v8::internal::AllocationSpace, v8::internal::GarbageCollectionReason, v8::GCCallbackFlags) [/usr/local/bin/node]
2025-11-16T20:35:02: 17: 0xd8942c v8::internal::Heap::AllocateRawWithRetryOrFailSlowPath(int, v8::internal::AllocationType, v8::internal::AllocationOrigin, v8::internal::AllocationAlignment) [/usr/local/bin/node]
2025-11-16T20:35:02: 18: 0xd4ebfd v8::internal::Factory::AllocateRaw(int, v8::internal::AllocationType, v8::internal::AllocationAlignment) [/usr/local/bin/node]
2025-11-16T20:35:02: 19: 0xd48a84 v8::internal::FactoryBase<v8::internal::Factory>::AllocateRawWithImmortalMap(int, v8::internal::AllocationType, v8::internal::Map, v8::internal::AllocationAlignment) [/usr/local/bin/node]
2025-11-16T20:35:02: 20: 0xd4add1 v8::internal::FactoryBase<v8::internal::Factory>::NewRawTwoByteString(int, v8::internal::AllocationType) [/usr/local/bin/node]
2025-11-16T20:35:02: 21: 0x11373fc v8::internal::IncrementalStringBuilder::Extend() [/usr/local/bin/node]
2025-11-16T20:35:02: 22: 0xe74f30 v8::internal::JsonStringifier::SerializeString(v8::internal::Handle<v8::internal::String>) [/usr/local/bin/node]
2025-11-16T20:35:02: 23: 0xe7aa7a v8::internal::JsonStringifier::Result v8::internal::JsonStringifier::Serialize_<false>(v8::internal::Handle<v8::internal::Object>, bool, v8::internal::Handle<v8::internal::Object>) [/usr/local/bin/node]
2025-11-16T20:35:02: 24: 0xe78f00 v8::internal::JsonStringifier::Result v8::internal::JsonStringifier::Serialize_<true>(v8::internal::Handle<v8::internal::Object>, bool, v8::internal::Handle<v8::internal::Object>) [/usr/local/bin/node]
2025-11-16T20:35:02: 25: 0xe7b29b v8::internal::JsonStringifier::Result v8::internal::JsonStringifier::Serialize_<false>(v8::internal::Handle<v8::internal::Object>, bool, v8::internal::Handle<v8::internal::Object>) [/usr/local/bin/node]
2025-11-16T20:35:02: 26: 0xe7cc5f v8::internal::JsonStringify(v8::internal::Isolate*, v8::internal::Handle<v8::internal::Object>, v8::internal::Handle<v8::internal::Object>, v8::internal::Handle<v8::internal::Object>) [/usr/local/bin/node]
2025-11-16T20:35:02: 27: 0xc66e1f v8::internal::Builtin_JsonStringify(int, unsigned long*, v8::internal::Isolate*) [/usr/local/bin/node]
2025-11-16T20:35:02: 28: 0x1449459  [/usr/local/bin/node]
2025-11-16T20:35:03: npm ERR! code ELIFECYCLE
2025-11-16T20:35:03:  ERR! errno 1
2025-11-16T20:35:03: npm ERR!
2025-11-16T20:35:03:  network-inventory-frontend@3.3.3 start: `react-scripts start`
2025-11-16T20:35:03: npm ERR! Exit status 1
2025-11-16T20:35:03: npm ERR! 
2025-11-16T20:35:03: npm ERR! Failed at the network-inventory-frontend@3.3.3 start script.
2025-11-16T20:35:03: npm ERR! This is probably not a problem with npm. There is likely additional logging output above.
2025-11-16T20:35:04: 
2025-11-16T20:35:04: npm ERR! A complete log of this run can be found in:
2025-11-16T20:35:04: npm ERR!     /root/.npm/_logs/2025-11-16T20_35_03_930Z-debug.log
2025-11-16T20:35:05: 
2025-11-16T20:35:05: > network-inventory-frontend@3.3.3 start /root/Core-Repository/frontend
2025-11-16T20:35:05: > react-scripts start
2025-11-16T20:35:05: 
2025-11-16T20:35:10: (node:4593) [DEP_WEBPACK_DEV_SERVER_ON_AFTER_SETUP_MIDDLEWARE] DeprecationWarning: 'onAfterSetupMiddleware' option is deprecated. Please use the 'setupMiddlewares' option.
2025-11-16T20:35:10: (Use `node --trace-deprecation ...` to show where the warning was created)
2025-11-16T20:35:10: (node:4593) [DEP_WEBPACK_DEV_SERVER_ON_BEFORE_SETUP_MIDDLEWARE] DeprecationWarning: 'onBeforeSetupMiddleware' option is deprecated. Please use the 'setupMiddlewares' option.
2025-11-16T20:35:11: Starting the development server...
2025-11-16T20:35:11: 
2025-11-16T20:36:17: 
2025-11-16T20:36:17: <--- Last few GCs --->
2025-11-16T20:36:17: 
2025-11-16T20:36:17: [4593:0x4bfb240]    68240 ms: Scavenge (reduce) 896.2 (926.1) -> 896.1 (927.3) MB, 3.7 / 0.0 ms  (average mu = 0.308, current mu = 0.065) allocation failure 
2025-11-16T20:36:17: [4593:0x4bfb240]    68246 ms: Scavenge (reduce) 897.3 (920.6) -> 897.2 (923.8) MB, 3.5 / 0.0 ms  (average mu = 0.308, current mu = 0.065) allocation failure 
2025-11-16T20:36:17: [4593:0x4bfb240]    69426 ms: Mark-sweep (reduce) 898.2 (928.3) -> 897.7 (930.3) MB, 1177.1 / 0.0 ms  (average mu = 0.197, current mu = 0.053) allocation failure scavenge might not succeed
2025-11-16T20:36:17: 
2025-11-16T20:36:17: 
2025-11-16T20:36:17: <--- JS stacktrace --->
2025-11-16T20:36:17: 
2025-11-16T20:36:17: FATAL ERROR: MarkCompactCollector: young object promotion failed Allocation failed - JavaScript heap out of memory
2025-11-16T20:36:17:  1: 0xa3ad50 node::Abort() [/usr/local/bin/node]
2025-11-16T20:36:17:  2: 0x970199 node::FatalError(char const*, char const*) [/usr/local/bin/node]
2025-11-16T20:36:17:  3: 0xbba90e v8::Utils::ReportOOMFailure(v8::internal::Isolate*, char const*, bool) [/usr/local/bin/node]
2025-11-16T20:36:17:  4: 0xbbac87 v8::internal::V8::FatalProcessOutOfMemory(v8::internal::Isolate*, char const*, bool) [/usr/local/bin/node]
2025-11-16T20:36:17:  5: 0xd76ea5  [/usr/local/bin/node]
2025-11-16T20:36:17:  6: 0xda783e v8::internal::EvacuateNewSpaceVisitor::Visit(v8::internal::HeapObject, int) [/usr/local/bin/node]
2025-11-16T20:36:17:  7: 0xdb3876 v8::internal::FullEvacuator::RawEvacuatePage(v8::internal::MemoryChunk*, long*) [/usr/local/bin/node]
2025-11-16T20:36:17:  8: 0xd9fa0f v8::internal::Evacuator::EvacuatePage(v8::internal::MemoryChunk*) [/usr/local/bin/node]
2025-11-16T20:36:17:  9: 0xd9fc88 v8::internal::PageEvacuationTask::RunInParallel(v8::internal::ItemParallelJob::Task::Runner) [/usr/local/bin/node]
2025-11-16T20:36:17: 10: 0xd92569 v8::internal::ItemParallelJob::Run() [/usr/local/bin/node]
2025-11-16T20:36:17: 11: 0xdb57d0 void v8::internal::MarkCompactCollectorBase::CreateAndExecuteEvacuationTasks<v8::internal::FullEvacuator, v8::internal::MarkCompactCollector>(v8::internal::MarkCompactCollector*, v8::internal::ItemParallelJob*, v8::internal::MigrationObserver*, long) [/usr/local/bin/node]
2025-11-16T20:36:17: 12: 0xdb606c v8::internal::MarkCompactCollector::EvacuatePagesInParallel() [/usr/local/bin/node]
2025-11-16T20:36:17: 13: 0xdb6235 v8::internal::MarkCompactCollector::Evacuate() [/usr/local/bin/node]
2025-11-16T20:36:17: 14: 0xdc8231 v8::internal::MarkCompactCollector::CollectGarbage() [/usr/local/bin/node]
2025-11-16T20:36:17: 15: 0xd844f8 v8::internal::Heap::MarkCompact() [/usr/local/bin/node]
2025-11-16T20:36:17: 16: 0xd85fe8 v8::internal::Heap::CollectGarbage(v8::internal::AllocationSpace, v8::internal::GarbageCollectionReason, v8::GCCallbackFlags) [/usr/local/bin/node]
2025-11-16T20:36:17: 17: 0xd8942c v8::internal::Heap::AllocateRawWithRetryOrFailSlowPath(int, v8::internal::AllocationType, v8::internal::AllocationOrigin, v8::internal::AllocationAlignment) [/usr/local/bin/node]
2025-11-16T20:36:17: 18: 0xd4ebfd v8::internal::Factory::AllocateRaw(int, v8::internal::AllocationType, v8::internal::AllocationAlignment) [/usr/local/bin/node]
2025-11-16T20:36:17: 19: 0xd48a84 v8::internal::FactoryBase<v8::internal::Factory>::AllocateRawWithImmortalMap(int, v8::internal::AllocationType, v8::internal::Map, v8::internal::AllocationAlignment) [/usr/local/bin/node]
2025-11-16T20:36:17: 20: 0xd4add1 v8::internal::FactoryBase<v8::internal::Factory>::NewRawTwoByteString(int, v8::internal::AllocationType) [/usr/local/bin/node]
2025-11-16T20:36:17: 21: 0x11373fc v8::internal::IncrementalStringBuilder::Extend() [/usr/local/bin/node]
2025-11-16T20:36:17: 22: 0xe756ad v8::internal::JsonStringifier::SerializeString(v8::internal::Handle<v8::internal::String>) [/usr/local/bin/node]
2025-11-16T20:36:17: 23: 0xe7aa7a v8::internal::JsonStringifier::Result v8::internal::JsonStringifier::Serialize_<false>(v8::internal::Handle<v8::internal::Object>, bool, v8::internal::Handle<v8::internal::Object>) [/usr/local/bin/node]
2025-11-16T20:36:17: 24: 0xe78f00 v8::internal::JsonStringifier::Result v8::internal::JsonStringifier::Serialize_<true>(v8::internal::Handle<v8::internal::Object>, bool, v8::internal::Handle<v8::internal::Object>) [/usr/local/bin/node]
2025-11-16T20:36:17: 25: 0xe7b29b v8::internal::JsonStringifier::Result v8::internal::JsonStringifier::Serialize_<false>(v8::internal::Handle<v8::internal::Object>, bool, v8::internal::Handle<v8::internal::Object>) [/usr/local/bin/node]
2025-11-16T20:36:17: 26: 0xe7cc5f v8::internal::JsonStringify(v8::internal::Isolate*, v8::internal::Handle<v8::internal::Object>, v8::internal::Handle<v8::internal::Object>, v8::internal::Handle<v8::internal::Object>) [/usr/local/bin/node]
2025-11-16T20:36:17: 27: 0xc66e1f v8::internal::Builtin_JsonStringify(int, unsigned long*, v8::internal::Isolate*) [/usr/local/bin/node]
2025-11-16T20:36:17: 28: 0x1449459  [/usr/local/bin/node]
2025-11-16T20:36:17: npm ERR! code ELIFECYCLE
2025-11-16T20:36:17: npm ERR! errno 1
2025-11-16T20:36:17: npm ERR! network-inventory-frontend@3.3.3 start: `react-scripts start`
2025-11-16T20:36:17: npm ERR! Exit status 1
2025-11-16T20:36:17: npm ERR! 
2025-11-16T20:36:17: npm ERR! Failed at the network-inventory-frontend@3.3.3 start script.
2025-11-16T20:36:17: npm ERR! This is probably not a problem with npm. There is likely additional logging output above.
2025-11-16T20:36:17: 
2025-11-16T20:36:17: > network-inventory-frontend@3.3.3 start /root/Core-Repository/frontend
2025-11-16T20:36:17: > react-scripts start
2025-11-16T20:36:17: 
2025-11-16T20:36:20: (node:4679) [DEP_WEBPACK_DEV_SERVER_ON_AFTER_SETUP_MIDDLEWARE] DeprecationWarning: 'onAfterSetupMiddleware' option is deprecated. Please use the 'setupMiddlewares' option.
2025-11-16T20:36:20: (Use `node --trace-deprecation ...` to show where the warning was created)
2025-11-16T20:36:20: (node:4679) [DEP_WEBPACK_DEV_SERVER_ON_BEFORE_SETUP_MIDDLEWARE] DeprecationWarning: 'onBeforeSetupMiddleware' option is deprecated. Please use the 'setupMiddlewares' option.
2025-11-16T20:36:21: Starting the development server...
2025-11-16T20:36:21: 
2025-11-16T20:36:33: 
2025-11-16T20:36:33: ┌───────────────────────────────────────────────────┐
2025-11-16T20:36:33: │              npm update check failed              │
2025-11-16T20:36:33: │        Try running with sudo or get access        │
2025-11-16T20:36:33: │       to the local update config store via        │
2025-11-16T20:36:33: │ sudo chown -R $USER:$(id -gn $USER) /root/.config │
2025-11-16T20:36:33: └───────────────────────────────────────────────────┘
2025-11-16T20:58:54: 
2025-11-16T20:58:54: > network-inventory-frontend@3.3.3 start /root/Core-Repository/frontend
2025-11-16T20:58:54: > react-scripts start
2025-11-16T20:58:54: 
2025-11-16T20:58:58: (node:6102) [DEP_WEBPACK_DEV_SERVER_ON_AFTER_SETUP_MIDDLEWARE] DeprecationWarning: 'onAfterSetupMiddleware' option is deprecated. Please use the 'setupMiddlewares' option.
2025-11-16T20:58:58: (Use `node --trace-deprecation ...` to show where the warning was created)
2025-11-16T20:58:58: (node:6102) [DEP_WEBPACK_DEV_SERVER_ON_BEFORE_SETUP_MIDDLEWARE] DeprecationWarning: 'onBeforeSetupMiddleware' option is deprecated. Please use the 'setupMiddlewares' option.
2025-11-16T20:58:59: Starting the development server...
2025-11-16T20:58:59: 
2025-11-16T21:00:06: 
2025-11-16T21:00:06: <--- Last few GCs --->
2025-11-16T21:00:06: 
2025-11-16T21:00:06: [6102:0x4ccf240]    69404 ms: Scavenge (reduce) 892.3 (919.1) -> 892.2 (922.4) MB, 3.4 / 0.0 ms  (average mu = 0.296, current mu = 0.064) allocation failure 
2025-11-16T21:00:06: [6102:0x4ccf240]    69410 ms: Scavenge (reduce) 893.2 (926.9) -> 893.0 (927.9) MB, 3.4 / 0.0 ms  (average mu = 0.296, current mu = 0.064) allocation failure 
2025-11-16T21:00:06: [6102:0x4ccf240]    70620 ms: Mark-sweep (reduce) 894.2 (921.1) -> 893.8 (925.6) MB, 1207.8 / 0.1 ms  (average mu = 0.188, current mu = 0.049) allocation failure scavenge might not succeed
2025-11-16T21:00:06: 
2025-11-16T21:00:06: 
2025-11-16T21:00:06: <--- JS stacktrace --->
2025-11-16T21:00:06: 
2025-11-16T21:00:06: FATAL ERROR: MarkCompactCollector: young object promotion failed Allocation failed - JavaScript heap out of memory
2025-11-16T21:00:06:  1: 0xa3ad50 node::Abort() [/usr/local/bin/node]
2025-11-16T21:00:06:  2: 0x970199 node::FatalError(char const*, char const*) [/usr/local/bin/node]
2025-11-16T21:00:06:  3: 0xbba90e v8::Utils::ReportOOMFailure(v8::internal::Isolate*, char const*, bool) [/usr/local/bin/node]
2025-11-16T21:00:06:  4: 0xbbac87 v8::internal::V8::FatalProcessOutOfMemory(v8::internal::Isolate*, char const*, bool) [/usr/local/bin/node]
2025-11-16T21:00:06:  5: 0xd76ea5  [/usr/local/bin/node]
2025-11-16T21:00:06:  6: 0xda783e v8::internal::EvacuateNewSpaceVisitor::Visit(v8::internal::HeapObject, int) [/usr/local/bin/node]
2025-11-16T21:00:06:  7: 0xdb3876 v8::internal::FullEvacuator::RawEvacuatePage(v8::internal::MemoryChunk*, long*) [/usr/local/bin/node]
2025-11-16T21:00:06:  8: 0xd9fa0f v8::internal::Evacuator::EvacuatePage(v8::internal::MemoryChunk*) [/usr/local/bin/node]
2025-11-16T21:00:06:  9: 0xd9fc88 v8::internal::PageEvacuationTask::RunInParallel(v8::internal::ItemParallelJob::Task::Runner) [/usr/local/bin/node]
2025-11-16T21:00:06: 10: 0xd92569 v8::internal::ItemParallelJob::Run() [/usr/local/bin/node]
2025-11-16T21:00:06: 11: 0xdb57d0 void v8::internal::MarkCompactCollectorBase::CreateAndExecuteEvacuationTasks<v8::internal::FullEvacuator, v8::internal::MarkCompactCollector>(v8::internal::MarkCompactCollector*, v8::internal::ItemParallelJob*, v8::internal::MigrationObserver*, long) [/usr/local/bin/node]
2025-11-16T21:00:06: 12: 0xdb606c v8::internal::MarkCompactCollector::EvacuatePagesInParallel() [/usr/local/bin/node]
2025-11-16T21:00:06: 13: 0xdb6235 v8::internal::MarkCompactCollector::Evacuate() [/usr/local/bin/node]
2025-11-16T21:00:06: 14: 0xdc8231 v8::internal::MarkCompactCollector::CollectGarbage() [/usr/local/bin/node]
2025-11-16T21:00:06: 15: 0xd844f8 v8::internal::Heap::MarkCompact() [/usr/local/bin/node]
2025-11-16T21:00:06: 16: 0xd85fe8 v8::internal::Heap::CollectGarbage(v8::internal::AllocationSpace, v8::internal::GarbageCollectionReason, v8::GCCallbackFlags) [/usr/local/bin/node]
2025-11-16T21:00:06: 17: 0xd8942c v8::internal::Heap::AllocateRawWithRetryOrFailSlowPath(int, v8::internal::AllocationType, v8::internal::AllocationOrigin, v8::internal::AllocationAlignment) [/usr/local/bin/node]
2025-11-16T21:00:06: 18: 0xd4ebfd v8::internal::Factory::AllocateRaw(int, v8::internal::AllocationType, v8::internal::AllocationAlignment) [/usr/local/bin/node]
2025-11-16T21:00:06: 19: 0xd48a84 v8::internal::FactoryBase<v8::internal::Factory>::AllocateRawWithImmortalMap(int, v8::internal::AllocationType, v8::internal::Map, v8::internal::AllocationAlignment) [/usr/local/bin/node]
2025-11-16T21:00:06: 20: 0xd4add1 v8::internal::FactoryBase<v8::internal::Factory>::NewRawTwoByteString(int, v8::internal::AllocationType) [/usr/local/bin/node]
2025-11-16T21:00:06: 21: 0x11373fc v8::internal::IncrementalStringBuilder::Extend() [/usr/local/bin/node]
2025-11-16T21:00:06: 22: 0xe75530 v8::internal::JsonStringifier::SerializeString(v8::internal::Handle<v8::internal::String>) [/usr/local/bin/node]
2025-11-16T21:00:06: 23: 0xe7aa7a v8::internal::JsonStringifier::Result v8::internal::JsonStringifier::Serialize_<false>(v8::internal::Handle<v8::internal::Object>, bool, v8::internal::Handle<v8::internal::Object>) [/usr/local/bin/node]
2025-11-16T21:00:06: 24: 0xe78f00 v8::internal::JsonStringifier::Result v8::internal::JsonStringifier::Serialize_<true>(v8::internal::Handle<v8::internal::Object>, bool, v8::internal::Handle<v8::internal::Object>) [/usr/local/bin/node]
2025-11-16T21:00:06: 25: 0xe7b29b v8::internal::JsonStringifier::Result v8::internal::JsonStringifier::Serialize_<false>(v8::internal::Handle<v8::internal::Object>, bool, v8::internal::Handle<v8::internal::Object>) [/usr/local/bin/node]
2025-11-16T21:00:06: 26: 0xe7cc5f v8::internal::JsonStringify(v8::internal::Isolate*, v8::internal::Handle<v8::internal::Object>, v8::internal::Handle<v8::internal::Object>, v8::internal::Handle<v8::internal::Object>) [/usr/local/bin/node]
2025-11-16T21:00:06: 27: 0xc66e1f v8::internal::Builtin_JsonStringify(int, unsigned long*, v8::internal::Isolate*) [/usr/local/bin/node]
2025-11-16T21:00:06: 28: 0x1449459  [/usr/local/bin/node]
2025-11-16T21:00:08: npm ERR! code ELIFECYCLE
2025-11-16T21:00:08: errno 1
2025-11-16T21:00:08: npm ERR! network-inventory-frontend@3.3.3 start: `react-scripts start`
2025-11-16T21:00:08: npm ERR! Exit status 1
2025-11-16T21:00:08: npm ERR! 
2025-11-16T21:00:08: npm ERR! Failed at the network-inventory-frontend@3.3.3 start script.
2025-11-16T21:00:08: npm ERR! This is probably not a problem with npm. There is likely additional logging output above.
2025-11-16T21:00:11: 
2025-11-16T21:00:11:  ERR! A complete log of this run can be found in:
2025-11-16T21:00:11: npm ERR!     /root/.npm/_logs/2025-11-16T21_00_08_965Z-debug.log
2025-11-16T21:00:12: 
2025-11-16T21:00:12: > network-inventory-frontend@3.3.3 start /root/Core-Repository/frontend
2025-11-16T21:00:12: > react-scripts start
2025-11-16T21:00:12: 
2025-11-16T21:00:17: (node:6560) [DEP_WEBPACK_DEV_SERVER_ON_AFTER_SETUP_MIDDLEWARE] DeprecationWarning: 'onAfterSetupMiddleware' option is deprecated. Please use the 'setupMiddlewares' option.
2025-11-16T21:00:17: (Use `node --trace-deprecation ...` to show where the warning was created)
2025-11-16T21:00:17: (node:6560) [DEP_WEBPACK_DEV_SERVER_ON_BEFORE_SETUP_MIDDLEWARE] DeprecationWarning: 'onBeforeSetupMiddleware' option is deprecated. Please use the 'setupMiddlewares' option.
2025-11-16T21:00:18: Starting the development server...
2025-11-16T21:00:18: 
